{
  "specversion": "1.0",
  "type": "legacy.customer.deleted",
  "source": "/database/cdc/legacy/cust/2",
  "subject": "legacy.customer",
  "action": "deleted",
  "datacontenttype": "application/json",
  "data": {
    "id": 2
  }
}