{
  "value": {
    "id": 1,
    "name": "Bob",
    "email": "bob@domain.com"
  },
  "subject": "legacy.customer",
  "action": "updated",
  "type": "legacy.customer.updated",
  "source": "/database/cdc/legacy/cust/1"
}