{
  "specversion": "1.0",
  "type": "legacy.post.created",
  "source": "/database/cdc/legacy/posts",
  "subject": "legacy.post.4",
  "action": "created",
  "datacontenttype": "application/json",
  "data": {
    "postsId": 4,
    "text": "Blah 4",
    "date": "2020-01-01T00:00:00",
    "comments": [
      {
        "commentsId": 401,
        "text": "Blah blah 401",
        "date": "2020-01-01T00:00:00"
      }
    ]
  }
}