{
  "specversion": "1.0",
  "type": "legacy.post.deleted",
  "source": "/database/cdc/legacy/posts",
  "subject": "legacy.post.1",
  "action": "deleted",
  "datacontenttype": "application/json",
  "data": {
    "postsId": 1
  }
}