{
  "value": {
    "name": "Name1",
    "phone": "000",
    "active": true,
    "addressId": 11,
    "uniqueId": "1afc7f5c-ffa0-4741-81cf-f12eaab822bf",
    "address": {
      "street1": "Side"
    }
  },
  "subject": "legacy.contact",
  "action": "updated",
  "type": "legacy.contact",
  "source": "/database/cdc/legacy/contact/1",
  "partitionKey": "Contact"
}